// Vitest Snapshot v1, https://vitest.dev/guide/snapshot.html

exports[`should get styles for primary filled button 1`] = `"h-fit w-fit rounded-lg py-2 px-4 text-white hover:opacity-90 transition-opacity bg-gradient-to-b from-primary-30 to-primary shadow-md shadow-primary-200/50 active:from-primary-600 active:to-primary-700"`;
